Running tests from C:\Dev\InfiniBlazor\tests\InfiniBlazorTests.Core.Markdown\bin\Debug\net10.0\InfiniBlazorTests.Core.Markdown.dll (net10.0|x64)
C:\Dev\InfiniBlazor\tests\InfiniBlazorTests.Core.Markdown\bin\Debug\net10.0\InfiniBlazorTests.Core.Markdown.dll (net10.0|x64) Zero tests ran (196ms)
Exit code: 8
  Standard output: 
  ████████╗██╗   ██╗███╗   ██╗██╗████████╗
  ╚══██╔══╝██║   ██║████╗  ██║██║╚══██╔══╝
     ██║   ██║   ██║██╔██╗ ██║██║   ██║
     ██║   ██║   ██║██║╚██╗██║██║   ██║
     ██║   ╚██████╔╝██║ ╚████║██║   ██║
     ╚═╝    ╚═════╝ ╚═╝  ╚═══╝╚═╝   ╚═╝
  
     TUnit v1.6.28.0 | 64-bit | Microsoft Windows 10.0.26200 | win-x64 | .NET 10.0.1 | Microsoft Testing Platform v2.0.2
  
     Engine Mode: SourceGenerated
  
  

Test run summary: Zero tests ran
  error: 1

  total: 0
  failed: 0
  succeeded: 0
  skipped: 0
  duration: 431ms
Test run completed with non-success exit code: 8 (see: https://aka.ms/testingplatform/exitcodes)
